// Jest Snapshot v1, https://goo.gl/fbAQLP

exports[`should handle short password 1`] = `
Object {
  "errors": Object {
    "password": "enter at least one digit
use at least one upper case character",
  },
  "success": false,
}
`;
